Script started on Sat Feb 13 14:05:23 2016
sh-3.00$ gdb test
GNU gdb 6.2.1
Copyright 2004 Free Software Foundation, Inc.
GDB is free software, covered by the GNU General Public License, and you are
welcome to change it and/or distribute copies of it under certain conditions.
Type "show copying" to see the conditions.
There is absolutely no warranty for GDB.  Type "show warranty" for details.
This GDB was configured as "sparc-sun-solaris2.10"...(no debugging symbols found)...
(gdb) b set1
Breakpoint 1 at 0x106b8
(gdb) b set 2  2
Breakpoint 2 at 0x10718
(gdb) r
Starting program: /home/ugc/stefan.jovanovic/Computer Science /355/A2/test 
(no debugging symbols found)...
Breakpoint 1, 0x000106b8 in set1 ()
(gdb) ni
0x000106bc in set1 ()
(gdb) ni
0x000106c0 in set1 ()
(gdb) ni
0x000106c4 in set1 ()
(gdb) ni
0x000106c8 in set1 ()
(gdb) ni
0x000106cc in set1 ()
(gdb) ni
(no debugging symbols found)...Inital check: 49d723
ni
r
^C
Program received signal SIGINT, Interrupt.
0x000106d4 in set1 ()
(gdb) ni
Rightmost: 2362
Number of bits: -1660944384

Breakpoint 2, 0x00010718 in set2 ()
(gdb) p $   p $l0
$1 = 4839203
(gdb) p $pc
$2 = (void (*)()) 0x10718 <set2>
(gdb) p $ l l1
A syntax error in expression, near `l1'.
(gdb) p $l1
$3 = 2362
(gdb) p $l2
$4 = -1660944384
(gdb) p $l3
$5 = 314
(gdb) c
Continuing.
Final: 13a

Inital check: 0
Rightmost: 28992027
Number of bits: -1342177280
Final: b

Inital check: deadbeef
Rightmost: 14593470
Number of bits: 2058811392
Final: 1eadbe


Program exited with code 017.
(gdb) q
sh-3.00$ exit
exit

script done on Sat Feb 13 14:13:32 2016
