Script started on Fri Mar 04 14:56:38 2016
sh-3.00$ gdb test
GNU gdb 6.2.1
Copyright 2004 Free Software Foundation, Inc.
GDB is free software, covered by the GNU General Public License, and you are
welcome to change it and/or distribute copies of it under certain conditions.
Type "show copying" to see the conditions.
There is absolutely no warranty for GDB.  Type "show warranty" for details.
This GDB was configured as "sparc-sun-solaris2.10"...(no debugging symbols found)...
(gdb) b   b [K(gdb) b [K(gdb) b [K(gdb) b [K(gdb) b [K(gdb) b [K(gdb) b [K(gdb) b [K(gdb) b [K(gdb) b [K(gdb) b [K(gdb) b [K(gdb) b [K(gdb) b [K(gdb) b [K(gdb) b [K(gdb) b [K(gdb) b [K(gdb) b [K(gdb) b [K(gdb) b [K(gdb) b [K(gdb) b [K(gdb) b [K(gdb) b [K(gdb) b [K(gdb) b [K(gdb) b [K(gdb) b [K(gdb) b [K(gdb) b [K(gdb) b [K(gdb) b [K(gdb) b [K(gdb) b [K(gdb) b [K(gdb) b [K(gdb) b [K(gdb) b main
Breakpoint 1 at 0x106c8
(gdb) b fill  ArrayLoop
Breakpoint 2 at 0x106dc
(gdb) r
Starting program: /home/ugc/stefan.jovanovic/Computer Science /355/A3/test 
(no debugging symbols found)...
Breakpoint 1, 0x000106c8 in main ()
(gdb) ni
0x000106cc in main ()
(gdb) ni
0x000106d0 in main ()
(gdb) ni
0x000106d4 in main ()
(gdb) ni
0x000106d8 in main ()
(gdb) ni

Breakpoint 2, 0x000106dc in fillArrayLoop ()
(gdb) b shell sort       SortLoop
Breakpoint 3 at 0x10764
(gdb) ni
ni
^C
Program received signal SIGINT, Interrupt.
0x000106e4 in fillArrayLoop ()
(gdb) ni

Breakpoint 2, 0x000106dc in fillArrayLoop ()
(gdb) ni
^C
Program received signal SIGINT, Interrupt.
0x000106e4 in fillArrayLoop ()
(gdb) ni

Breakpoint 2, 0x000106dc in fillArrayLoop ()
(gdb) p[  display/i [$r]              p [$i_r]
A syntax error in expression, near `[$i_r]'.
(gdb) p $i_r
$1 = void
(gdb) ni
^C
Program received signal SIGINT, Interrupt.
0x000106e4 in fillArrayLoop ()
(gdb) r
The program being debugged has been started already.
Start it from the beginning? (y or n) n
Program not restarted.
(gdb) c
Continuing.

Breakpoint 2, 0x000106dc in fillArrayLoop ()
(gdb) c
Continuing.

Breakpoint 2, 0x000106dc in fillArrayLoop ()
(gdb) p $% %l2
No symbol table is loaded.  Use the "file" command.
(gdb) p $l2
$2 = 5
(gdb) p $   p $o0
$3 = 16
(gdb) p $pH_r
$4 = void
(gdb) p $l5
$5 = -4195464
(gdb) c
Continuing.

Breakpoint 2, 0x000106dc in fillArrayLoop ()
(gdb) p p$  ni
ni
ni
ni
ni
b shellSortLoop
^C
Program received signal SIGINT, Interrupt.
0x000106e4 in fillArrayLoop ()
(gdb) b shellSortLoop
Note: breakpoint 3 also set at pc 0x10764.
Breakpoint 4 at 0x10764
(gdb) c
Continuing.

Breakpoint 2, 0x000106dc in fillArrayLoop ()
(gdb) %l6   p %l  $l6
$6 = 5627
(gdb) c
Continuing.

Breakpoint 2, 0x000106dc in fillArrayLoop ()
(gdb) c
Continuing.

Breakpoint 2, 0x000106dc in fillArrayLoop ()
(gdb) c
Continuing.

Breakpoint 2, 0x000106dc in fillArrayLoop ()
(gdb) c
Continuing.

Breakpoint 2, 0x000106dc in fillArrayLoop ()
(gdb) c
Continuing.

Breakpoint 2, 0x000106dc in fillArrayLoop ()
(gdb) c
Continuing.

Breakpoint 2, 0x000106dc in fillArrayLoop ()
(gdb) c
Continuing.

Breakpoint 2, 0x000106dc in fillArrayLoop ()
(gdb) c
Continuing.

Breakpoint 2, 0x000106dc in fillArrayLoop ()
(gdb) c
Continuing.

Breakpoint 2, 0x000106dc in fillArrayLoop ()
(gdb) c
Continuing.

Breakpoint 2, 0x000106dc in fillArrayLoop ()
(gdb) c
Continuing.

Breakpoint 2, 0x000106dc in fillArrayLoop ()
(gdb) c
Continuing.

Breakpoint 2, 0x000106dc in fillArrayLoop ()
(gdb) c
Continuing.

Breakpoint 2, 0x000106dc in fillArrayLoop ()
(gdb) c
Continuing.

Breakpoint 2, 0x000106dc in fillArrayLoop ()
(gdb) c
Continuing.

Breakpoint 2, 0x000106dc in fillArrayLoop ()
(gdb) c
Continuing.

Breakpoint 2, 0x000106dc in fillArrayLoop ()
(gdb) c
Continuing.

Breakpoint 2, 0x000106dc in fillArrayLoop ()
(gdb) c
Continuing.

Breakpoint 2, 0x000106dc in fillArrayLoop ()
(gdb) c
Continuing.

Breakpoint 2, 0x000106dc in fillArrayLoop ()
(gdb) c
Continuing.

Breakpoint 2, 0x000106dc in fillArrayLoop ()
(gdb) c
Continuing.

Breakpoint 2, 0x000106dc in fillArrayLoop ()
(gdb) c
Continuing.

Breakpoint 2, 0x000106dc in fillArrayLoop ()
(gdb) c
Continuing.

Breakpoint 2, 0x000106dc in fillArrayLoop ()
(gdb) c
Continuing.

Breakpoint 2, 0x000106dc in fillArrayLoop ()
(gdb) c
Continuing.

Breakpoint 2, 0x000106dc in fillArrayLoop ()
(gdb) c
Continuing.

Breakpoint 2, 0x000106dc in fillArrayLoop ()
(gdb) c
Continuing.

Breakpoint 2, 0x000106dc in fillArrayLoop ()
(gdb) c
Continuing.

Breakpoint 2, 0x000106dc in fillArrayLoop ()
(gdb) c
Continuing.

Breakpoint 2, 0x000106dc in fillArrayLoop ()
(gdb) c
Continuing.

Breakpoint 2, 0x000106dc in fillArrayLoop ()
(gdb) c
Continuing.

Breakpoint 2, 0x000106dc in fillArrayLoop ()
(gdb) c
Continuing.

Breakpoint 2, 0x000106dc in fillArrayLoop ()
(gdb) c
Continuing.

Breakpoint 2, 0x000106dc in fillArrayLoop ()
(gdb) c
Continuing.
(no debugging symbols found)...Non-Sorted Array
v[0] = 198
v[1] = 126
v[2] = 129
v[3] = 107
v[4] = 75
v[5] = 251
v[6] = 226
v[7] = 251
v[8] = 84
v[9] = 246
v[10] = 189
v[11] = 223
v[12] = 124
v[13] = 28
v[14] = 225
v[15] = 135
v[16] = 1
v[17] = 191
v[18] = 49
v[19] = 222
v[20] = 86
v[21] = 114
v[22] = 15
v[23] = 71
v[24] = 103
v[25] = 102
v[26] = 135
v[27] = 89
v[28] = 170
v[29] = 136
v[30] = 60
v[31] = 89
v[32] = 234
v[33] = 86
v[34] = 19
v[35] = 123
v[36] = 210
v[37] = 133
v[38] = 161
v[39] = 216

Breakpoint 3, 0x00010764 in shellSortLoop ()
(gdb) c
Continuing.

Breakpoint 3, 0x00010764 in shellSortLoop ()
(gdb) %o0   p % $o0
$7 = -4195528
(gdb) p $o1
$8 = -4195608
(gdb) c
Continuing.

Breakpoint 3, 0x00010764 in shellSortLoop ()
(gdb) c
Continuing.

Breakpoint 3, 0x00010764 in shellSortLoop ()
(gdb) c
Continuing.

Breakpoint 3, 0x00010764 in shellSortLoop ()
(gdb) $ p $o0
$9 = -4195584
(gdb) p $o1
$10 = -4195592
(gdb) p $l2
$11 = 1
(gdb) c
Continuing.
Sorted Array
v[0] = 1
v[1] = 15
v[2] = 19
v[3] = 28
v[4] = 49
v[5] = 60
v[6] = 71
v[7] = 75
v[8] = 84
v[9] = 86
v[10] = 86
v[11] = 89
v[12] = 89
v[13] = 102
v[14] = 103
v[15] = 107
v[16] = 114
v[17] = 123
v[18] = 124
v[19] = 126
v[20] = 129
v[21] = 133
v[22] = 135
v[23] = 135
v[24] = 136
v[25] = 161
v[26] = 170
v[27] = 189
v[28] = 191
v[29] = 198
v[30] = 210
v[31] = 216
v[32] = 222
v[33] = 223
v[34] = 225
v[35] = 226
v[36] = 234
v[37] = 246
v[38] = 251
v[39] = 251

Breakpoint 3, 0x00010764 in shellSortLoop ()
(gdb) c
Continuing.

Breakpoint 3, 0x00010764 in shellSortLoop ()
(gdb) q
The program is running.  Exit anyway? (y or n) y
sh-3.00$ script
Script started, file is typescript
sh-3.00$ q
sh: q: command not found
sh-3.00$ q
sh: q: command not found
sh-3.00$ quit
sh: quit: command not found
sh-3.00$ script quit
Script started, file is quit
sh-3.00$ quit script
sh: quit: command not found
sh-3.00$ q script
sh: q: command not found
sh-3.00$ exit
exit
Script done, file is quit
sh-3.00$ exc   exit
exit
Script done, file is typescript
sh-3.00$ exit
exit

script done on Fri Mar 04 15:14:14 2016
